🧪 Testing n8n_arg_fusion tool...
🚀 [N8N] Backbone initialized
🛸 [ARG] Swarm Orchestrator v3.6.0 running on stdio
⚠️ [ARG Brain] No Graphify graph found at /home/smit/Downloads/Fusion/awwesome-ruflo-graphify/dist/graphify-out/graph.json.
[DEBUG] Fusion handler - Prompt type: string, value: "Create a security dashboard for the ARG swarm"
[DEBUG] Fusion handler - Args: {"prompt":"Create a security dashboard for the ARG swarm","directory":"/home/smit/Downloads/Fusion/awwesome-ruflo-graphify/dist"}

🧬 [FUSION] Bridging intelligence for: "Create a security dashboard for the ARG swarm"

💎 [FUSION RESULT]:
{"result":{"content":[{"type":"text","text":"{\n  \"status\": \"success\",\n  \"task\": \"Create a security dashboard for the ARG swarm\",\n  \"automation\": {\n    \"recommendedNodes\": {\n      \"query\": \"Create a security dashboard for the ARG swarm\",\n      \"results\": [\n        {\n          \"nodeType\": \"nodes-base.grafana\",\n          \"workflowNodeType\": \"n8n-nodes-base.grafana\",\n          \"displayName\": \"Grafana\",\n          \"description\": \"Consume the Grafana API\",\n          \"category\": \"transform\",\n          \"package\": \"n8n-nodes-base\",\n          \"relevance\": \"low\"\n        },\n        {\n          \"nodeType\": \"nodes-base.grafanaTool\",\n          \"workflowNodeType\": \"n8n-nodes-base.grafanaTool\",\n          \"displayName\": \"Grafana Tool\",\n          \"description\": \"Consume the Grafana API (AI Tool variant for use with AI Agents)\",\n          \"category\": \"transform\",\n          \"package\": \"n8n-nodes-base\",\n          \"relevance\": \"low\"\n        },\n        {\n          \"nodeType\": \"@reportei/n8n-nodes-reportei.reportei\",\n          \"workflowNodeType\": \"@reportei/n8n-nodes-reportei.reportei\",\n          \"displayName\": \"Reportei\",\n          \"description\": \"Perform actions with Reportei API\",\n          \"category\": \"Community\",\n          \"package\": \"@reportei/n8n-nodes-reportei\",\n          \"relevance\": \"low\",\n          \"isCommunity\": true,\n          \"isVerified\": true,\n          \"authorName\": \"pgabriel20\",\n          \"npmDownloads\": 116\n        },\n        {\n          \"nodeType\": \"@thingsboard/n8n-nodes-thingsboard.thingsBoard\",\n          \"workflowNodeType\": \"@thingsboard/n8n-nodes-thingsboard.thingsBoard\",\n          \"displayName\": \"ThingsBoard\",\n          \"description\": \"Interact with ThingsBoard REST API\",\n          \"category\": \"Community\",\n          \"package\": \"@thingsboard/n8n-nodes-thingsboard\",\n          \"relevance\": \"low\",\n          \"isCommunity\": true,\n          \"isVerified\": true,\n          \"authorName\": \"thingsboardiot\",\n          \"npmDownloads\": 382\n        },\n        {\n          \"nodeType\": \"nodes-base.elasticSecurity\",\n          \"workflowNodeType\": \"n8n-nodes-base.elasticSecurity\",\n          \"displayName\": \"Elastic Security\",\n          \"description\": \"Consume the Elastic Security API\",\n          \"category\": \"transform\",\n          \"package\": \"n8n-nodes-base\",\n          \"relevance\": \"low\"\n        }\n      ],\n      \"totalCount\": 5\n    },\n    \"relevantTemplates\": {\n      \"items\": [\n        {\n          \"id\": 4553,\n          \"name\": \"Generate Guerrilla Marketing Campaign Plans with AI Swarm Intelligence\",\n          \"description\": \"🧠 Who is this for?\\nStartup founders designing creative growth strategies  \\nMarketing teams seeking low-cost, high-impact campaigns  \\nConsultants and agencies needing fast guerrilla plans  \\nCreators exploring AI-powered content and campaigns  \\n\\n❓ What problem does this workflow solve?\\nBuilding a full guerrilla marketing strategy usually takes hours of brainstorming, validation, and formatting. This template does all of that in minutes using a swarm of AI agents, from idea generation to KPIs, and even kills bad ideas before you waste time on them.\\n\\n⚙️ What this workflow does\\nStarts with a chat input where you describe your business or idea  \\nA “Swarm Intelligence” loop:  \\n  One AI agent generates guerrilla ideas  \\n  Another agent critically validates the idea and gives honest feedback  \\n  If the idea is weak, it asks for a new one  \\nIf accepted, the swarm continues with 16 AI specialists generating:  \\n  🎯 Objectives  \\n  🧍‍♂️ Personas  \\n  🎤 Messaging  \\n  🧨 Tactics  \\n  📢 Channels  \\n  🧮 Budget  \\n  📊 KPIs  \\n  📋 Risk plan and more  \\nMerges all chapters into a final Markdown file  \\nLets you download the campaign in seconds  \\n\\n🛠️ Setup\\nImport the workflow to your n8n instance  \\n(Optional) Configure your LLM (OpenAI or Ollama) in the “OpenAI Chat Model” node   \\nType your business idea (e.g., “Luxury dog collar brand for Instagram dads”)  \\nWait for flow completion\\nDownload the final marketing plan file  \\n\\n🤖 LLM Flexibility (Choose Your Model)\\nSupports any LLM via LangChain:  \\n  Ollama (LLaMA 3.1, Mistral, DeepSeek)  \\n  OpenAI (GPT-4, GPT-3.5)  \\nTo switch models, just replace the “Language Model” node, no other logic needs updating  \\n\\n\\n\\n📌 Notes\\nOutput is professional and ready-to-pitch  \\nBuilt-in pessimistic validator filters out bad ideas before wasting time  \\n\\n📩 Need help?\\nEmail: sinamirshafiee@gmail.com  \\nHappy to support setup or customization!\",\n          \"author\": {\n            \"name\": \"Sina\",\n            \"username\": \"sina2266\",\n            \"verified\": true\n          },\n          \"nodes\": [\n            \"@n8n/n8n-nodes-langchain.chatTrigger\",\n            \"@n8n/n8n-nodes-langchain.agent\",\n            \"@n8n/n8n-nodes-langchain.agent\",\n            \"@n8n/n8n-nodes-langchain.agent\",\n            \"@n8n/n8n-nodes-langchain.agent\",\n            \"@n8n/n8n-nodes-langchain.agent\",\n            \"@n8n/n8n-nodes-langchain.agent\",\n            \"@n8n/n8n-nodes-langchain.agent\",\n            \"@n8n/n8n-nodes-langchain.agent\",\n            \"@n8n/n8n-nodes-langchain.agent\",\n            \"@n8n/n8n-nodes-langchain.agent\",\n            \"@n8n/n8n-nodes-langchain.agent\",\n            \"@n8n/n8n-nodes-langchain.agent\",\n            \"@n8n/n8n-nodes-langchain.agent\",\n            \"@n8n/n8n-nodes-langchain.agent\",\n            \"@n8n/n8n-nodes-langchain.agent\",\n            \"@n8n/n8n-nodes-langchain.agent\",\n            \"@n8n/n8n-nodes-langchain.memoryBufferWindow\",\n            \"@n8n/n8n-nodes-langchain.agent\",\n            \"@n8n/n8n-nodes-langchain.agent\",\n            \"@n8n/n8n-nodes-langchain.informationExtractor\",\n            \"@n8n/n8n-nodes-langchain.lmChatOpenAi\",\n            \"n8n-nodes-base.code\",\n            \"n8n-nodes-base.merge\",\n            \"n8n-nodes-base.code\",\n            \"n8n-nodes-base.merge\",\n            \"n8n-nodes-base.code\",\n            \"n8n-nodes-base.merge\",\n            \"n8n-nodes-base.merge\",\n            \"n8n-nodes-base.merge\",\n            \"n8n-nodes-base.code\",\n            \"n8n-nodes-base.stickyNote\",\n            \"n8n-nodes-base.if\",\n            \"n8n-nodes-base.stickyNote\",\n            \"n8n-nodes-base.stickyNote\",\n            \"n8n-nodes-base.stickyNote\",\n            \"n8n-nodes-base.stickyNote\",\n            \"n8n-nodes-base.stickyNote\",\n            \"n8n-nodes-base.convertToFile\"\n          ],\n          \"views\": 2032,\n          \"created\": \"2025-06-01T11:31:39.415Z\",\n          \"url\": \"https://n8n.io/workflows/4553\",\n          \"metadata\": {\n            \"categories\": [\n              \"Marketing\",\n              \"AI/ML\"\n            ],\n            \"complexity\": \"medium\",\n            \"use_cases\": [\n              \"create guerrilla marketing campaigns\",\n              \"design low-cost growth strategies\",\n              \"generate creative marketing ideas\",\n              \"identify high-impact campaign opportunities\"\n            ],\n            \"estimated_setup_minutes\": 8,\n            \"required_services\": [\n              \"OpenRouter\",\n              \"Pinecone\"\n            ],\n            \"key_features\": [\n              \"automated multi-agent campaign brainstorming\",\n              \"AI-powered idea generation and validation\",\n              \"intelligent marketing strategy structuring\",\n              \"automated KPI generation\",\n              \"agentic marketing planning\"\n            ],\n            \"target_audience\": [\n              \"startup founders\",\n              \"marketing managers\",\n              \"creative directors\"\n            ]\n          }\n        },\n        {\n          \"id\": 11109,\n          \"name\": \"Generate complete SEO strategy reports with SerpAPI data and GPT-4 Agent team\",\n          \"description\": \"Overview\\nThis workflow deploys a fully autonomous \\\"AI SEO Agency\\\" inside your n8n instance.\\n\\nUnlike simple chatbots, this is a hierarchical agent swarm. A \\\"Director\\\" agent acts as the project manager, using live market data to orchestrate a team of 6 specialized AI workers. It takes a single user prompt and turns it into a comprehensive, professional-grade SEO strategy report.\\n\\nKey Features\\nHierarchical Architecture:** A \\\"Manager\\\" agent delegates tasks to \\\"Worker\\\" agents.\\nLive Market Research:* Uses *SerpApi** to fetch real-time Google Search results and competitor data.\\nConversational Memory:** Remembers business details across the chat session.\\n6 Expert Specialists:** Includes dedicated agents for Keyword Research, Technical SEO, Link Building, Analytics, Local SEO, and Content Writing.\\n\\nHow it works\\nAnalysis: The SEO Director Agent receives your request and consults its memory.\\nLive Research: The Director uses the SerpApi tool to perform live Google searches on the target website and niche to gather context.\\nDelegation: Based on the research, the Director dynamically assigns tasks to the relevant Specialist Agents (e.g., calling the \\\"Technical Specialist\\\" for site speed issues or the \\\"Keyword Specialist\\\" for content ideas).\\nSynthesis: The Director compiles the outputs from all specialists into one cohesive, actionable strategy report.\\n\\nSet up steps\\nEstimated time: 5 minutes\\n\\nOpenAI Keys: Add your OpenAI API Key to all 7 \\\"OpenAI Chat Model\\\" nodes (1 for the Director, 6 for the Specialists).\\nSerpApi Key: Open the \\\"SEO Director Agent\\\" node. Under \\\"Tools\\\" &gt; \\\"SerpApi,\\\" add your SerpApi Key (free tier available). This enables the live Google Search capability.\\nRun: Toggle the workflow to \\\"Active\\\" and start chatting!\\n\\nAbout the Creator\\nBuilt by Pixril. We specialize in building advanced, production-ready AI agents for n8n.\\nFind more professional workflows in our shop: https://pixril.etsy.com\",\n          \"author\": {\n            \"name\": \"Pixril\",\n            \"username\": \"tani07\",\n            \"verified\": true\n          },\n          \"nodes\": [\n            \"@n8n/n8n-nodes-langchain.chatTrigger\",\n            \"@n8n/n8n-nodes-langchain.lmChatOpenAi\",\n            \"@n8n/n8n-nodes-langchain.agentTool\",\n            \"@n8n/n8n-nodes-langchain.agentTool\",\n            \"@n8n/n8n-nodes-langchain.agentTool\",\n            \"@n8n/n8n-nodes-langchain.agentTool\",\n            \"@n8n/n8n-nodes-langchain.agentTool\",\n            \"@n8n/n8n-nodes-langchain.agentTool\",\n            \"@n8n/n8n-nodes-langchain.lmChatOpenAi\",\n            \"@n8n/n8n-nodes-langchain.lmChatOpenAi\",\n            \"@n8n/n8n-nodes-langchain.lmChatOpenAi\",\n            \"@n8n/n8n-nodes-langchain.lmChatOpenAi\",\n            \"@n8n/n8n-nodes-langchain.lmChatOpenAi\",\n            \"@n8n/n8n-nodes-langchain.lmChatOpenAi\",\n            \"@n8n/n8n-nodes-langchain.agent\",\n            \"@n8n/n8n-nodes-langchain.toolThink\",\n            \"@n8n/n8n-nodes-langchain.chat\",\n            \"@n8n/n8n-nodes-langchain.memoryBufferWindow\",\n            \"@n8n/n8n-nodes-langchain.toolSerpApi\",\n            \"n8n-nodes-base.stickyNote\",\n            \"n8n-nodes-base.stickyNote\",\n            \"n8n-nodes-base.stickyNote\"\n          ],\n          \"views\": 4710,\n          \"created\": \"2025-11-21T13:25:11.429Z\",\n          \"url\": \"https://n8n.io/workflows/11109\",\n          \"metadata\": {\n            \"categories\": [\n              \"Marketing\",\n              \"AI/ML\"\n            ],\n            \"complexity\": \"medium\",\n            \"use_cases\": [\n              \"generate SEO reports\",\n              \"analyze market data\",\n              \"orchestrate AI agents\"\n            ],\n            \"estimated_setup_minutes\": 20,\n            \"required_services\": [\n              \"SerpAPI\",\n              \"OpenAI\"\n            ],\n            \"key_features\": [\n              \"hierarchical agent architecture\",\n              \"market research automation\",\n              \"strategic report generation\"\n            ],\n            \"target_audience\": [\n              \"marketers\",\n              \"SEO specialists\",\n              \"content strategists\"\n            ]\n          }\n        },\n        {\n          \"id\": 7860,\n          \"name\": \"CYBERPULSE AI GRC: Vendor Risk Evaluator\",\n          \"description\": \"Description\\n\\nAutomates the intake, classification, and documentation of third-party vendors.\\nEvaluates vendor function, data access level, certification status, and applies AI-driven risk tiering (Low, Standard, Critical).\\nEnsures standardized onboarding and scalable due diligence.\\n\\nWho It’s For\\n\\nCompliance and procurement teams onboarding vendors\\n\\nGRC consultants managing supply chain risk\\n\\nSecurity leads needing traceable vendor evidence\\n\\nAudit teams validating third-party controls\\n\\nHow It Works\\n\\nTrigger via intake form or webhook\\n\\nAI engine assigns vendor risk tier based on context (certification, access type, data sensitivity)\\n\\nIf certifications (ISO 27001, SOC 2, IRAP, PCI DSS) are missing, status is flagged\\n\\nScorecard is formatted automatically with vendor details, risk tier, and timestamp\\n\\nLogs results to Google Sheets for audit-ready evidence\\n\\nSends instant alerts for high-risk or uncertified vendors\\n\\nRequirements\\n\\nGoogle Sheets (OAuth2) connected for logging\\n\\nGmail/SMTP node for automated alerts (optional)\\n\\nIntake form/webhook for vendor submissions\\n\\nMandatory fields in vendor intake:\\n\\nVendor Name\\n\\nFunction\\n\\nData Access\\n\\nAccess Type (Read/Write/API)\\n\\nCertification (if any)\\n\\nOwner (GRC)\\n\\nFile Templates\\n\\nVendor_Risk_Log.xlsx (auto-created sheet with audit-ready logs)\\n\\nIntake form (customizable, connects via webhook)\\n\\nCustomization Tips\\n\\nModify AI prompt logic to reflect internal risk appetite\\n\\nAdd more certification checks (e.g., ISO 27701, FedRAMP)\\n\\nAdjust alert thresholds (e.g., auto-notify only for Critical tier)\\n\\nExtend integration to Slack/Teams or SIEM for escalation\\n\\nLink logs to a dashboard for executive reporting\\n\\nCompliance\\n\\nISO/IEC 27001: Controls A.15.1.1, A.15.1.2 (supplier relationships and information security)\\n\\nSOC 2: Vendor management and risk classification\\n\\nNIST 800-53: SR-3, SR-5 (supply chain risk and contractual requirements)\\n\\nEssential Eight: Supports control validation via vendor documentation logging\\n\\nProvides timestamped, structured logs suitable for external audits\\n\\nSetup Instructions\\n\\nDeploy the provided intake form or connect your own vendor submission process to the webhook.\\n\\nConnect Google Sheets to store vendor logs (Vendor_Risk_Log.xlsx).\\n\\nConnect Gmail/SMTP node for notifications (optional).\\n\\nCustomize AI prompt and certification logic if needed.\\n\\nRun intake tests to validate risk tier assignment.\\n\\nConfirm vendor logs and alerts are recorded correctly.\\n\\nSupports\\n\\nISO 27001 Information Security\\n\\nSOC 2 Compliance\\n\\nPCI DSS v4.0\\n\\nNIST CSF / 800-53\\n\\nACSC Essential Eight\\nhttps://cyberpulsesolutions.com\",\n          \"author\": {\n            \"name\": \"Adnan Tariq\",\n            \"username\": \"adnantariq\",\n            \"verified\": true\n          },\n          \"nodes\": [\n            \"n8n-nodes-base.webhook\",\n            \"@n8n/n8n-nodes-langchain.openAi\",\n            \"n8n-nodes-base.if\",\n            \"n8n-nodes-base.set\",\n            \"n8n-nodes-base.googleSheets\",\n            \"n8n-nodes-base.gmail\",\n            \"n8n-nodes-base.stickyNote\"\n          ],\n          \"views\": 12,\n          \"created\": \"2025-08-26T01:06:25.458Z\",\n          \"url\": \"https://n8n.io/workflows/7860\",\n          \"metadata\": {\n            \"categories\": [\n              \"Compliance\",\n              \"GRC\",\n              \"Data Processing\",\n              \"Security\",\n              \"Vendor Management\"\n            ],\n            \"complexity\": \"simple\",\n            \"use_cases\": [\n              \"automate vendor onboarding\",\n              \"classify third-party vendors\",\n              \"evaluate vendor risk\",\n              \"document compliance evidence\",\n              \"tier vendor risk using AI\"\n            ],\n            \"estimated_setup_minutes\": 10,\n            \"required_services\": [\n              \"Spreadsheets\",\n              \"Communication\",\n              \"AI/ML\"\n            ],\n            \"key_features\": [\n              \"vendor risk tiering\",\n              \"AI-driven classification\",\n              \"standardized onboarding\",\n              \"scalable due diligence\",\n              \"compliance documentation\"\n            ],\n            \"target_audience\": [\n              \"compliance teams\",\n              \"procurement staff\",\n              \"security leads\"\n            ]\n          }\n        }\n      ],\n      \"total\": 2348,\n      \"limit\": 3,\n      \"offset\": 0,\n      \"hasMore\": true,\n      \"query\": \"Create a security dashboard for the ARG swarm\",\n      \"tip\": \"Found 2348 templates matching \\\"Create a security dashboard for the ARG swarm\\\". Showing 3.\"\n    }\n  },\n  \"structuralIntelligence\": {\n    \"godNodes\": [],\n    \"communities\": []\n  },\n  \"implementationPath\": \"Deploy n8n workflow with above nodes, injecting ARG structural context as state.\"\n}"}]},"jsonrpc":"2.0","id":1}

